// Jest Snapshot v1, https://goo.gl/fbAQLP

exports[`ListItem should render 1`] = `
.c1 {
  margin-bottom: 40px;
}

.c0 {
  display: block;
  width: 100%;
  text-align: left;
  cursor: pointer;
}

<button
  class="MuiButtonBase-root c0"
  tabindex="0"
  type="button"
>
  <div
    class="MuiPaper-root MuiCard-root MuiPaper-elevation1 MuiPaper-rounded"
  >
    <div
      class="MuiCardContent-root"
    >
      <h2
        class="MuiTypography-root c1 MuiTypography-h2"
      >
        Shopping
      </h2>
      <i
        data-testid="ScheduleIcon"
      />
      <span
        class="MuiTypography-root MuiTypography-caption"
      >
        11 days ago
      </span>
    </div>
  </div>
  <span
    class="MuiTouchRipple-root"
  />
</button>
`;
